# EZREC System Logs - Fresh Start
# This file contains system check output and deployment logs
# Generated automatically by the deployment script

# =============================================================================
# SYSTEM CHECK OUTPUT
# =============================================================================
michomanoly14892@raspberrypi:~/EZREC-BACKEND-2 $ sudo journalctl -u ezrec-api.service --no-pager -l -n 50
Sep 14 16:55:06 raspberrypi uvicorn[563456]: INFO:     Waiting for application shutdown.
Sep 14 16:55:06 raspberrypi uvicorn[563456]: INFO:     Application shutdown complete.
Sep 14 16:55:07 raspberrypi systemd[1]: ezrec-api.service: Main process exited, code=exited, status=1/FAILURE
Sep 14 16:55:07 raspberrypi systemd[1]: ezrec-api.service: Failed with result 'exit-code'.
Sep 14 16:55:07 raspberrypi systemd[1]: ezrec-api.service: Consumed 1.497s CPU time.
Sep 14 16:55:12 raspberrypi systemd[1]: ezrec-api.service: Scheduled restart job, restart counter is at 133.
Sep 14 16:55:12 raspberrypi systemd[1]: Stopped ezrec-api.service - EZREC FastAPI Backend.
Sep 14 16:55:12 raspberrypi systemd[1]: ezrec-api.service: Consumed 1.497s CPU time.
Sep 14 16:55:12 raspberrypi systemd[1]: Started ezrec-api.service - EZREC FastAPI Backend.
Sep 14 16:55:13 raspberrypi uvicorn[563473]: 2025-09-14 16:55:13,080 [INFO] ✅ Supabase client initialized successfully
Sep 14 16:55:13 raspberrypi uvicorn[563473]: 2025-09-14 16:55:13,081 [INFO] ✅ Using camera ID: d217e751-dfa5-5276-abbb-da5ad6c2626a
Sep 14 16:55:13 raspberrypi uvicorn[563473]: INFO:     Started server process [563473]
Sep 14 16:55:13 raspberrypi uvicorn[563473]: INFO:     Waiting for application startup.
Sep 14 16:55:13 raspberrypi uvicorn[563473]: INFO:     Application startup complete.
Sep 14 16:55:13 raspberrypi uvicorn[563473]: ERROR:    [Errno 98] error while attempting to bind on address ('0.0.0.0', 8000): address already in use
Sep 14 16:55:13 raspberrypi uvicorn[563473]: INFO:     Waiting for application shutdown.
Sep 14 16:55:13 raspberrypi uvicorn[563473]: INFO:     Application shutdown complete.
Sep 14 16:55:13 raspberrypi systemd[1]: ezrec-api.service: Main process exited, code=exited, status=1/FAILURE
Sep 14 16:55:13 raspberrypi systemd[1]: ezrec-api.service: Failed with result 'exit-code'.
Sep 14 16:55:13 raspberrypi systemd[1]: ezrec-api.service: Consumed 1.449s CPU time.
Sep 14 16:55:18 raspberrypi systemd[1]: ezrec-api.service: Scheduled restart job, restart counter is at 134.
Sep 14 16:55:18 raspberrypi systemd[1]: Stopped ezrec-api.service - EZREC FastAPI Backend.
Sep 14 16:55:18 raspberrypi systemd[1]: ezrec-api.service: Consumed 1.449s CPU time.
Sep 14 16:55:18 raspberrypi systemd[1]: Started ezrec-api.service - EZREC FastAPI Backend.
Sep 14 16:55:19 raspberrypi uvicorn[563490]: 2025-09-14 16:55:19,590 [INFO] ✅ Supabase client initialized successfully
Sep 14 16:55:19 raspberrypi uvicorn[563490]: 2025-09-14 16:55:19,591 [INFO] ✅ Using camera ID: d217e751-dfa5-5276-abbb-da5ad6c2626a
Sep 14 16:55:19 raspberrypi uvicorn[563490]: INFO:     Started server process [563490]
Sep 14 16:55:19 raspberrypi uvicorn[563490]: INFO:     Waiting for application startup.
Sep 14 16:55:19 raspberrypi uvicorn[563490]: INFO:     Application startup complete.
Sep 14 16:55:19 raspberrypi uvicorn[563490]: ERROR:    [Errno 98] error while attempting to bind on address ('0.0.0.0', 8000): address already in use
Sep 14 16:55:19 raspberrypi uvicorn[563490]: INFO:     Waiting for application shutdown.
Sep 14 16:55:19 raspberrypi uvicorn[563490]: INFO:     Application shutdown complete.
Sep 14 16:55:20 raspberrypi systemd[1]: ezrec-api.service: Main process exited, code=exited, status=1/FAILURE
Sep 14 16:55:20 raspberrypi systemd[1]: ezrec-api.service: Failed with result 'exit-code'.
Sep 14 16:55:20 raspberrypi systemd[1]: ezrec-api.service: Consumed 1.497s CPU time.
Sep 14 16:55:25 raspberrypi systemd[1]: ezrec-api.service: Scheduled restart job, restart counter is at 135.
Sep 14 16:55:25 raspberrypi systemd[1]: Stopped ezrec-api.service - EZREC FastAPI Backend.
Sep 14 16:55:25 raspberrypi systemd[1]: ezrec-api.service: Consumed 1.497s CPU time.
Sep 14 16:55:25 raspberrypi systemd[1]: Started ezrec-api.service - EZREC FastAPI Backend.
Sep 14 16:55:26 raspberrypi uvicorn[563507]: 2025-09-14 16:55:26,033 [INFO] ✅ Supabase client initialized successfully
Sep 14 16:55:26 raspberrypi uvicorn[563507]: 2025-09-14 16:55:26,033 [INFO] ✅ Using camera ID: d217e751-dfa5-5276-abbb-da5ad6c2626a
Sep 14 16:55:26 raspberrypi uvicorn[563507]: INFO:     Started server process [563507]
Sep 14 16:55:26 raspberrypi uvicorn[563507]: INFO:     Waiting for application startup.
Sep 14 16:55:26 raspberrypi uvicorn[563507]: INFO:     Application startup complete.
Sep 14 16:55:26 raspberrypi uvicorn[563507]: ERROR:    [Errno 98] error while attempting to bind on address ('0.0.0.0', 8000): address already in use
Sep 14 16:55:26 raspberrypi uvicorn[563507]: INFO:     Waiting for application shutdown.
Sep 14 16:55:26 raspberrypi uvicorn[563507]: INFO:     Application shutdown complete.
Sep 14 16:55:26 raspberrypi systemd[1]: ezrec-api.service: Main process exited, code=exited, status=1/FAILURE
Sep 14 16:55:26 raspberrypi systemd[1]: ezrec-api.service: Failed with result 'exit-code'.
Sep 14 16:55:26 raspberrypi systemd[1]: ezrec-api.service: Consumed 1.464s CPU time.
michomanoly14892@raspberrypi:~/EZREC-BACKEND-2 $ sudo systemctl status ezrec-api.service --no-pager -l
● ezrec-api.service - EZREC FastAPI Backend
     Loaded: loaded (/etc/systemd/system/ezrec-api.service; enabled; preset: enabled)
     Active: activating (auto-restart) (Result: exit-code) since Sun 2025-09-14 16:55:32 EDT; 4s ago
    Process: 563527 ExecStart=/opt/ezrec-backend/api/venv/bin/uvicorn api_server:app --host 0.0.0.0 --port 8000 (code=exited, status=1/FAILURE)
   Main PID: 563527 (code=exited, status=1/FAILURE)
        CPU: 1.459s
michomanoly14892@raspberrypi:~/EZREC-BACKEND-2 $ ls -la /opt/ezrec-backend/api/
ls -la /opt/ezrec-backend/api/venv/bin/uvicorn
ls -la /opt/ezrec-backend/api/api_server.py
total 132
drwxr-xr-x  7 michomanoly14892 michomanoly14892  4096 Sep  1 16:07 .
drwxr-xr-x 19 michomanoly14892 michomanoly14892  4096 Sep  1 15:39 ..
-rwxr-xr-x  1 michomanoly14892 michomanoly14892 47792 Sep  1 16:07 api_server.py
-rwxr-xr-x  1 root             root             47774 Sep  1 15:40 api_server.py.backup
-rwxr-xr-x  1 michomanoly14892 michomanoly14892  3873 Sep  1 15:29 booking_utils.py
drwxr-xr-x  2 michomanoly14892 michomanoly14892  4096 Sep  1 15:56 local_data
-rwxr-xr-x  1 michomanoly14892 michomanoly14892   717 Sep  1 15:29 monitor.py
drwxr-xr-x  2 michomanoly14892 michomanoly14892  4096 Sep  1 16:07 __pycache__
drwxr-xr-x  4 michomanoly14892 michomanoly14892  4096 Sep  1 15:40 stitch
drwxr-xr-x  2 michomanoly14892 michomanoly14892  4096 Sep  1 15:29 templates
drwxr-xr-x  5 michomanoly14892 michomanoly14892  4096 Sep  1 15:34 venv
-rwxr-xr-x 1 michomanoly14892 michomanoly14892 207 Sep  1 15:35 /opt/ezrec-backend/api/venv/bin/uvicorn
-rwxr-xr-x 1 michomanoly14892 michomanoly14892 47792 Sep  1 16:07 /opt/ezrec-backend/api/api_server.py
michomanoly14892@raspberrypi:~/EZREC-BACKEND-2 $ 
michomanoly14892@raspberrypi:~/EZREC-BACKEND-2 $ cd /opt/ezrec-backend/api
/opt/ezrec-backend/api/venv/bin/python3 -c "import api_server; print('API imports OK')"
2025-09-14 16:55:55,964 [INFO] ✅ Supabase client initialized successfully
2025-09-14 16:55:55,965 [INFO] ✅ Using camera ID: d217e751-dfa5-5276-abbb-da5ad6c2626a
API imports OK
michomanoly14892@raspberrypi:/opt/ezrec-backend/api $ sudo netstat -tlnp | grep :8000
sudo lsof -i :8000
tcp        0      0 0.0.0.0:8000            0.0.0.0:*               LISTEN      560999/python3      
COMMAND    PID             USER   FD   TYPE  DEVICE SIZE/OFF NODE NAME
python3 560999 michomanoly14892   13u  IPv4 3660995      0t0  TCP *:8000 (LISTEN)
michomanoly14892@raspberrypi:/opt/ezrec-backend/api $ 