michomanoly14892@raspberrypi:~ $ sudo systemctl status dual_recorder.service
sudo systemctl status video_worker.service  
sudo systemctl status ezrec-api.service
sudo systemctl status system_status.service
● dual_recorder.service - EZREC Dual Camera Recorder Service
     Loaded: loaded (/etc/systemd/system/dual_recorder.service; enabled; preset: enabled)
     Active: active (running) since Sun 2025-08-31 01:53:43 EDT; 14h ago
   Main PID: 619976 (python3)
      Tasks: 6 (limit: 9572)
        CPU: 11.664s
     CGroup: /system.slice/dual_recorder.service
             └─619976 /opt/ezrec-backend/backend/venv/bin/python3 /opt/ezrec-backend/backend/dual_recorder.py

Aug 31 15:57:16 raspberrypi python3[619976]: 2025-08-31 15:57:16,753 - INFO - 📋 Loaded 0 bookings from cache
Aug 31 15:57:16 raspberrypi python3[619976]: 2025-08-31 15:57:16,753 - INFO - 🔍 Checking 0 bookings at 2025-08-31 15:57:16 EDT
Aug 31 15:57:16 raspberrypi python3[619976]: 2025-08-31 15:57:16,753 - INFO - 🔍 Looking for user_id: 65aa2e2a-e463-424d-b88f-0724bb0bea3a, camera_id: d217e751-dfa5-5276-abbb-da5ad6c2626a
Aug 31 15:57:16 raspberrypi python3[619976]: 2025-08-31 15:57:16,753 - INFO - ❌ No active booking found
Aug 31 15:57:16 raspberrypi python3[619976]: 2025-08-31 15:57:16,753 - INFO - ⏳ No active booking found, waiting...
Aug 31 15:57:21 raspberrypi python3[619976]: 2025-08-31 15:57:21,754 - INFO - 📋 Loaded 0 bookings from cache
Aug 31 15:57:21 raspberrypi python3[619976]: 2025-08-31 15:57:21,754 - INFO - 🔍 Checking 0 bookings at 2025-08-31 15:57:21 EDT
Aug 31 15:57:21 raspberrypi python3[619976]: 2025-08-31 15:57:21,754 - INFO - 🔍 Looking for user_id: 65aa2e2a-e463-424d-b88f-0724bb0bea3a, camera_id: d217e751-dfa5-5276-abbb-da5ad6c2626a
Aug 31 15:57:21 raspberrypi python3[619976]: 2025-08-31 15:57:21,754 - INFO - ❌ No active booking found
Aug 31 15:57:21 raspberrypi python3[619976]: 2025-08-31 15:57:21,754 - INFO - ⏳ No active booking found, waiting...
● video_worker.service - EZREC Video Processing Worker Service
     Loaded: loaded (/etc/systemd/system/video_worker.service; enabled; preset: enabled)
     Active: active (running) since Sun 2025-08-31 01:53:35 EDT; 14h ago
   Main PID: 619548 (python3)
      Tasks: 1 (limit: 9572)
        CPU: 2.304s
     CGroup: /system.slice/video_worker.service
             └─619548 /opt/ezrec-backend/backend/venv/bin/python3 /opt/ezrec-backend/backend/video_worker.py

Aug 31 15:55:02 raspberrypi python3[619548]: 2025-08-31 15:55:02,876 [INFO] 📊 Disk usage: 8.1% used, 101.5 GB free
Aug 31 15:55:17 raspberrypi python3[619548]: 2025-08-31 15:55:17,918 [INFO] 📊 Disk usage: 8.1% used, 101.5 GB free
Aug 31 15:55:32 raspberrypi python3[619548]: 2025-08-31 15:55:32,962 [INFO] 📊 Disk usage: 8.1% used, 101.5 GB free
Aug 31 15:55:47 raspberrypi python3[619548]: 2025-08-31 15:55:47,992 [INFO] 📊 Disk usage: 8.1% used, 101.5 GB free
Aug 31 15:56:03 raspberrypi python3[619548]: 2025-08-31 15:56:03,039 [INFO] 📊 Disk usage: 8.1% used, 101.5 GB free
Aug 31 15:56:18 raspberrypi python3[619548]: 2025-08-31 15:56:18,070 [INFO] 📊 Disk usage: 8.1% used, 101.5 GB free
Aug 31 15:56:33 raspberrypi python3[619548]: 2025-08-31 15:56:33,118 [INFO] 📊 Disk usage: 8.1% used, 101.5 GB free
Aug 31 15:56:48 raspberrypi python3[619548]: 2025-08-31 15:56:48,163 [INFO] 📊 Disk usage: 8.1% used, 101.5 GB free
Aug 31 15:57:03 raspberrypi python3[619548]: 2025-08-31 15:57:03,192 [INFO] 📊 Disk usage: 8.1% used, 101.5 GB free
Aug 31 15:57:18 raspberrypi python3[619548]: 2025-08-31 15:57:18,238 [INFO] 📊 Disk usage: 8.1% used, 101.5 GB free
● ezrec-api.service - EZREC FastAPI Backend
     Loaded: loaded (/etc/systemd/system/ezrec-api.service; enabled; preset: enabled)
     Active: active (running) since Sun 2025-08-31 01:53:23 EDT; 14h ago
   Main PID: 619464 (uvicorn)
      Tasks: 10 (limit: 9572)
        CPU: 17.085s
     CGroup: /system.slice/ezrec-api.service
             └─619464 /opt/ezrec-backend/api/venv/bin/python3 /opt/ezrec-backend/api/venv/bin/uvicorn api_server:app --host 0.0.0.0 --port 8000

Aug 31 01:53:23 raspberrypi systemd[1]: Started ezrec-api.service - EZREC FastAPI Backend.
Aug 31 01:53:24 raspberrypi uvicorn[619464]: 2025-08-31 01:53:24,430 [INFO] ✅ Supabase client initialized successfully
Aug 31 01:53:24 raspberrypi uvicorn[619464]: 2025-08-31 01:53:24,430 [INFO] ✅ Using camera ID: d217e751-dfa5-5276-abbb-da5ad6c2626a
Aug 31 01:53:24 raspberrypi uvicorn[619464]: INFO:     Started server process [619464]
Aug 31 01:53:24 raspberrypi uvicorn[619464]: INFO:     Waiting for application startup.
Aug 31 01:53:24 raspberrypi uvicorn[619464]: INFO:     Application startup complete.
Aug 31 01:53:24 raspberrypi uvicorn[619464]: INFO:     Uvicorn running on http://0.0.0.0:8000 (Press CTRL+C to quit)
Aug 31 01:53:51 raspberrypi uvicorn[619464]: INFO:     127.0.0.1:58034 - "GET /test-alive HTTP/1.1" 200 OK
● system_status.service - EZREC System Status Monitor
     Loaded: loaded (/etc/systemd/system/system_status.service; enabled; preset: enabled)
     Active: active (exited) since Sun 2025-08-31 01:53:25 EDT; 14h ago
TriggeredBy: ● system_status.timer
    Process: 619470 ExecStart=/opt/ezrec-backend/backend/venv/bin/python3 /opt/ezrec-backend/backend/system_status.py (code=exited, status=0/SUCCESS)
   Main PID: 619470 (code=exited, status=0/SUCCESS)
        CPU: 1.051s

Aug 31 01:53:25 raspberrypi python3[619470]: [79:04:42.885151695] [619488] ERROR RPI pipeline_base.cpp:860 Unable to load pipeline configuration
Aug 31 01:53:25 raspberrypi python3[619470]: [79:04:42.885158639] [619488] ERROR RPI pisp.cpp:947 Failed to register camera imx477 11-001a: -22
Aug 31 01:53:25 raspberrypi python3[619470]: 2025-08-31 01:53:25,188 [INFO] Initialization successful.
Aug 31 01:53:25 raspberrypi python3[619470]: 2025-08-31 01:53:25,188 [INFO] Camera now open.
Aug 31 01:53:25 raspberrypi python3[619470]: 2025-08-31 01:53:25,389 [INFO] Camera closed successfully.
Aug 31 01:53:25 raspberrypi python3[619470]: 2025-08-31 01:53:25,544 [INFO] 📊 Overall Status: HEALTHY
Aug 31 01:53:25 raspberrypi python3[619470]: 2025-08-31 01:53:25,545 [INFO] ✅ Status saved to /opt/ezrec-backend/status.json
Aug 31 01:53:25 raspberrypi python3[619470]: 2025-08-31 01:53:25,545 [INFO] ✅ Health check completed successfully
Aug 31 01:53:25 raspberrypi python3[619470]: 2025-08-31 01:53:25,545 [INFO] ✅ System Status: healthy
Aug 31 01:53:25 raspberrypi systemd[1]: Finished system_status.service - EZREC System Status Monitor.
michomanoly14892@raspberrypi:~ $ 
michomanoly14892@raspberrypi:~ $ sudo journalctl -u dual_recorder.service -n 20 --no-pager
sudo journalctl -u video_worker.service -n 20 --no-pager
sudo journalctl -u ezrec-api.service -n 20 --no-pager
sudo systemctl status system_status.service --no-pager -l
Aug 31 15:57:21 raspberrypi python3[619976]: 2025-08-31 15:57:21,754 - INFO - 📋 Loaded 0 bookings from cache
Aug 31 15:57:21 raspberrypi python3[619976]: 2025-08-31 15:57:21,754 - INFO - 🔍 Checking 0 bookings at 2025-08-31 15:57:21 EDT
Aug 31 15:57:21 raspberrypi python3[619976]: 2025-08-31 15:57:21,754 - INFO - 🔍 Looking for user_id: 65aa2e2a-e463-424d-b88f-0724bb0bea3a, camera_id: d217e751-dfa5-5276-abbb-da5ad6c2626a
Aug 31 15:57:21 raspberrypi python3[619976]: 2025-08-31 15:57:21,754 - INFO - ❌ No active booking found
Aug 31 15:57:21 raspberrypi python3[619976]: 2025-08-31 15:57:21,754 - INFO - ⏳ No active booking found, waiting...
Aug 31 15:57:26 raspberrypi python3[619976]: 2025-08-31 15:57:26,755 - INFO - 📋 Loaded 0 bookings from cache
Aug 31 15:57:26 raspberrypi python3[619976]: 2025-08-31 15:57:26,755 - INFO - 🔍 Checking 0 bookings at 2025-08-31 15:57:26 EDT
Aug 31 15:57:26 raspberrypi python3[619976]: 2025-08-31 15:57:26,755 - INFO - 🔍 Looking for user_id: 65aa2e2a-e463-424d-b88f-0724bb0bea3a, camera_id: d217e751-dfa5-5276-abbb-da5ad6c2626a
Aug 31 15:57:26 raspberrypi python3[619976]: 2025-08-31 15:57:26,756 - INFO - ❌ No active booking found
Aug 31 15:57:26 raspberrypi python3[619976]: 2025-08-31 15:57:26,756 - INFO - ⏳ No active booking found, waiting...
Aug 31 15:57:31 raspberrypi python3[619976]: 2025-08-31 15:57:31,756 - INFO - 📋 Loaded 0 bookings from cache
Aug 31 15:57:31 raspberrypi python3[619976]: 2025-08-31 15:57:31,757 - INFO - 🔍 Checking 0 bookings at 2025-08-31 15:57:31 EDT
Aug 31 15:57:31 raspberrypi python3[619976]: 2025-08-31 15:57:31,757 - INFO - 🔍 Looking for user_id: 65aa2e2a-e463-424d-b88f-0724bb0bea3a, camera_id: d217e751-dfa5-5276-abbb-da5ad6c2626a
Aug 31 15:57:31 raspberrypi python3[619976]: 2025-08-31 15:57:31,757 - INFO - ❌ No active booking found
Aug 31 15:57:31 raspberrypi python3[619976]: 2025-08-31 15:57:31,757 - INFO - ⏳ No active booking found, waiting...
Aug 31 15:57:36 raspberrypi python3[619976]: 2025-08-31 15:57:36,757 - INFO - 📋 Loaded 0 bookings from cache
Aug 31 15:57:36 raspberrypi python3[619976]: 2025-08-31 15:57:36,758 - INFO - 🔍 Checking 0 bookings at 2025-08-31 15:57:36 EDT
Aug 31 15:57:36 raspberrypi python3[619976]: 2025-08-31 15:57:36,758 - INFO - 🔍 Looking for user_id: 65aa2e2a-e463-424d-b88f-0724bb0bea3a, camera_id: d217e751-dfa5-5276-abbb-da5ad6c2626a
Aug 31 15:57:36 raspberrypi python3[619976]: 2025-08-31 15:57:36,758 - INFO - ❌ No active booking found
Aug 31 15:57:36 raspberrypi python3[619976]: 2025-08-31 15:57:36,758 - INFO - ⏳ No active booking found, waiting...
Aug 31 15:52:47 raspberrypi python3[619548]: 2025-08-31 15:52:47,516 [INFO] 📊 Disk usage: 8.1% used, 101.5 GB free
Aug 31 15:53:02 raspberrypi python3[619548]: 2025-08-31 15:53:02,563 [INFO] 📊 Disk usage: 8.1% used, 101.5 GB free
Aug 31 15:53:17 raspberrypi python3[619548]: 2025-08-31 15:53:17,607 [INFO] 📊 Disk usage: 8.1% used, 101.5 GB free
Aug 31 15:53:32 raspberrypi python3[619548]: 2025-08-31 15:53:32,639 [INFO] 📊 Disk usage: 8.1% used, 101.5 GB free
Aug 31 15:53:47 raspberrypi python3[619548]: 2025-08-31 15:53:47,686 [INFO] 📊 Disk usage: 8.1% used, 101.5 GB free
Aug 31 15:54:02 raspberrypi python3[619548]: 2025-08-31 15:54:02,736 [INFO] 📊 Disk usage: 8.1% used, 101.5 GB free
Aug 31 15:54:17 raspberrypi python3[619548]: 2025-08-31 15:54:17,767 [INFO] 📊 Disk usage: 8.1% used, 101.5 GB free
Aug 31 15:54:32 raspberrypi python3[619548]: 2025-08-31 15:54:32,814 [INFO] 📊 Disk usage: 8.1% used, 101.5 GB free
Aug 31 15:54:47 raspberrypi python3[619548]: 2025-08-31 15:54:47,846 [INFO] 📊 Disk usage: 8.1% used, 101.5 GB free
Aug 31 15:55:02 raspberrypi python3[619548]: 2025-08-31 15:55:02,876 [INFO] 📊 Disk usage: 8.1% used, 101.5 GB free
Aug 31 15:55:17 raspberrypi python3[619548]: 2025-08-31 15:55:17,918 [INFO] 📊 Disk usage: 8.1% used, 101.5 GB free
Aug 31 15:55:32 raspberrypi python3[619548]: 2025-08-31 15:55:32,962 [INFO] 📊 Disk usage: 8.1% used, 101.5 GB free
Aug 31 15:55:47 raspberrypi python3[619548]: 2025-08-31 15:55:47,992 [INFO] 📊 Disk usage: 8.1% used, 101.5 GB free
Aug 31 15:56:03 raspberrypi python3[619548]: 2025-08-31 15:56:03,039 [INFO] 📊 Disk usage: 8.1% used, 101.5 GB free
Aug 31 15:56:18 raspberrypi python3[619548]: 2025-08-31 15:56:18,070 [INFO] 📊 Disk usage: 8.1% used, 101.5 GB free
Aug 31 15:56:33 raspberrypi python3[619548]: 2025-08-31 15:56:33,118 [INFO] 📊 Disk usage: 8.1% used, 101.5 GB free
Aug 31 15:56:48 raspberrypi python3[619548]: 2025-08-31 15:56:48,163 [INFO] 📊 Disk usage: 8.1% used, 101.5 GB free
Aug 31 15:57:03 raspberrypi python3[619548]: 2025-08-31 15:57:03,192 [INFO] 📊 Disk usage: 8.1% used, 101.5 GB free
Aug 31 15:57:18 raspberrypi python3[619548]: 2025-08-31 15:57:18,238 [INFO] 📊 Disk usage: 8.1% used, 101.5 GB free
Aug 31 15:57:33 raspberrypi python3[619548]: 2025-08-31 15:57:33,285 [INFO] 📊 Disk usage: 8.1% used, 101.5 GB free
Aug 31 01:53:02 raspberrypi systemd[1]: Started ezrec-api.service - EZREC FastAPI Backend.
Aug 31 01:53:04 raspberrypi uvicorn[618862]: 2025-08-31 01:53:04,133 [INFO] ✅ Supabase client initialized successfully
Aug 31 01:53:04 raspberrypi uvicorn[618862]: 2025-08-31 01:53:04,134 [INFO] ✅ Using camera ID: d217e751-dfa5-5276-abbb-da5ad6c2626a
Aug 31 01:53:04 raspberrypi uvicorn[618862]: INFO:     Started server process [618862]
Aug 31 01:53:04 raspberrypi uvicorn[618862]: INFO:     Waiting for application startup.
Aug 31 01:53:04 raspberrypi uvicorn[618862]: INFO:     Application startup complete.
Aug 31 01:53:04 raspberrypi uvicorn[618862]: INFO:     Uvicorn running on http://0.0.0.0:8000 (Press CTRL+C to quit)
Aug 31 01:53:18 raspberrypi systemd[1]: ezrec-api.service: Main process exited, code=killed, status=9/KILL
Aug 31 01:53:18 raspberrypi systemd[1]: ezrec-api.service: Failed with result 'signal'.
Aug 31 01:53:18 raspberrypi systemd[1]: ezrec-api.service: Consumed 1.370s CPU time.
Aug 31 01:53:23 raspberrypi systemd[1]: Stopped ezrec-api.service - EZREC FastAPI Backend.
Aug 31 01:53:23 raspberrypi systemd[1]: ezrec-api.service: Consumed 1.370s CPU time.
Aug 31 01:53:23 raspberrypi systemd[1]: Started ezrec-api.service - EZREC FastAPI Backend.
Aug 31 01:53:24 raspberrypi uvicorn[619464]: 2025-08-31 01:53:24,430 [INFO] ✅ Supabase client initialized successfully
Aug 31 01:53:24 raspberrypi uvicorn[619464]: 2025-08-31 01:53:24,430 [INFO] ✅ Using camera ID: d217e751-dfa5-5276-abbb-da5ad6c2626a
Aug 31 01:53:24 raspberrypi uvicorn[619464]: INFO:     Started server process [619464]
Aug 31 01:53:24 raspberrypi uvicorn[619464]: INFO:     Waiting for application startup.
Aug 31 01:53:24 raspberrypi uvicorn[619464]: INFO:     Application startup complete.
Aug 31 01:53:24 raspberrypi uvicorn[619464]: INFO:     Uvicorn running on http://0.0.0.0:8000 (Press CTRL+C to quit)
Aug 31 01:53:51 raspberrypi uvicorn[619464]: INFO:     127.0.0.1:58034 - "GET /test-alive HTTP/1.1" 200 OK
● system_status.service - EZREC System Status Monitor
     Loaded: loaded (/etc/systemd/system/system_status.service; enabled; preset: enabled)
     Active: active (exited) since Sun 2025-08-31 01:53:25 EDT; 14h ago
TriggeredBy: ● system_status.timer
    Process: 619470 ExecStart=/opt/ezrec-backend/backend/venv/bin/python3 /opt/ezrec-backend/backend/system_status.py (code=exited, status=0/SUCCESS)
   Main PID: 619470 (code=exited, status=0/SUCCESS)
        CPU: 1.051s

Aug 31 01:53:25 raspberrypi python3[619470]: [79:04:42.885151695] [619488] ERROR RPI pipeline_base.cpp:860 Unable to load pipeline configuration
Aug 31 01:53:25 raspberrypi python3[619470]: [79:04:42.885158639] [619488] ERROR RPI pisp.cpp:947 Failed to register camera imx477 11-001a: -22
Aug 31 01:53:25 raspberrypi python3[619470]: 2025-08-31 01:53:25,188 [INFO] Initialization successful.
Aug 31 01:53:25 raspberrypi python3[619470]: 2025-08-31 01:53:25,188 [INFO] Camera now open.
Aug 31 01:53:25 raspberrypi python3[619470]: 2025-08-31 01:53:25,389 [INFO] Camera closed successfully.
Aug 31 01:53:25 raspberrypi python3[619470]: 2025-08-31 01:53:25,544 [INFO] 📊 Overall Status: HEALTHY
Aug 31 01:53:25 raspberrypi python3[619470]: 2025-08-31 01:53:25,545 [INFO] ✅ Status saved to /opt/ezrec-backend/status.json
Aug 31 01:53:25 raspberrypi python3[619470]: 2025-08-31 01:53:25,545 [INFO] ✅ Health check completed successfully
Aug 31 01:53:25 raspberrypi python3[619470]: 2025-08-31 01:53:25,545 [INFO] ✅ System Status: healthy
Aug 31 01:53:25 raspberrypi systemd[1]: Finished system_status.service - EZREC System Status Monitor.
michomanoly14892@raspberrypi:~ $ 
michomanoly14892@raspberrypi:~ $ ls -la /opt/ezrec-backend/backend/venv/bin/python3
ls -la /opt/ezrec-backend/api/venv/bin/python3
lrwxrwxrwx 1 michomanoly14892 michomanoly14892 16 Aug 31 01:41 /opt/ezrec-backend/backend/venv/bin/python3 -> /usr/bin/python3
lrwxrwxrwx 1 michomanoly14892 michomanoly14892 16 Aug 31 01:47 /opt/ezrec-backend/api/venv/bin/python3 -> /usr/bin/python3
michomanoly14892@raspberrypi:~ $ sudo -u michomanoly14892 /opt/ezrec-backend/backend/venv/bin/python3 -c "
import picamera2
import av
import cv2
import numpy
from stitch import PanoramicStitcher
print('✅ All backend imports successful')
"
/opt/ezrec-backend/backend/venv/lib/python3.11/site-packages/pykms.py:7: UserWarning: Using placeholder kms module – picamera2 may not work correctly
  warnings.warn("Using placeholder kms module – picamera2 may not work correctly")
Traceback (most recent call last):
  File "<string>", line 6, in <module>
ModuleNotFoundError: No module named 'stitch'
michomanoly14892@raspberrypi:~ $ sudo -u michomanoly14892 /opt/ezrec-backend/api/venv/bin/python3 -c "
import fastapi
import uvicorn
import boto3
import supabase
print('✅ All API imports successful')
"
✅ All API imports successful
michomanoly14892@raspberrypi:~ $ sudo lsof -i :8000
sudo lsof -i :9000
netstat -tlnp | grep :8000
COMMAND    PID             USER   FD   TYPE  DEVICE SIZE/OFF NODE NAME
uvicorn 619464 michomanoly14892   13u  IPv4 4204929      0t0  TCP *:8000 (LISTEN)
(Not all processes could be identified, non-owned process info
 will not be shown, you would have to be root to see it all.)
tcp        0      0 0.0.0.0:8000            0.0.0.0:*               LISTEN      -                   
michomanoly14892@raspberrypi:~ $ curl -v http://localhost:8000/test-alive
curl -v http://localhost:8000/status
curl -v http://localhost:8000/docs
*   Trying 127.0.0.1:8000...
* Connected to localhost (127.0.0.1) port 8000 (#0)
> GET /test-alive HTTP/1.1
> Host: localhost:8000
> User-Agent: curl/7.88.1
> Accept: */*
> 
< HTTP/1.1 200 OK
< date: Sun, 31 Aug 2025 19:58:46 GMT
< server: uvicorn
< content-length: 18
< content-type: application/json
< 
* Connection #0 to host localhost left intact
{"status":"alive"}*   Trying 127.0.0.1:8000...
* Connected to localhost (127.0.0.1) port 8000 (#0)
> GET /status HTTP/1.1
> Host: localhost:8000
> User-Agent: curl/7.88.1
> Accept: */*
> 
< HTTP/1.1 200 OK
< date: Sun, 31 Aug 2025 19:58:46 GMT
< server: uvicorn
< content-length: 79
< content-type: application/json
< 
* Connection #0 to host localhost left intact
{"status":"running","timestamp":"2025-08-31T15:58:46.760815","version":"1.0.0"}*   Trying 127.0.0.1:8000...
* Connected to localhost (127.0.0.1) port 8000 (#0)
> GET /docs HTTP/1.1
> Host: localhost:8000
> User-Agent: curl/7.88.1
> Accept: */*
> 
< HTTP/1.1 200 OK
< date: Sun, 31 Aug 2025 19:58:46 GMT
< server: uvicorn
< content-length: 939
< content-type: text/html; charset=utf-8
< 

    <!DOCTYPE html>
    <html>
    <head>
    <link type="text/css" rel="stylesheet" href="https://cdn.jsdelivr.net/npm/swagger-ui-dist@5.9.0/swagger-ui.css">
    <link rel="shortcut icon" href="https://fastapi.tiangolo.com/img/favicon.png">
    <title>FastAPI - Swagger UI</title>
    </head>
    <body>
    <div id="swagger-ui">
    </div>
    <script src="https://cdn.jsdelivr.net/npm/swagger-ui-dist@5.9.0/swagger-ui-bundle.js"></script>
    <!-- `SwaggerUIBundle` is now available on the page -->
    <script>
    const ui = SwaggerUIBundle({
        url: '/openapi.json',
    "dom_id": "#swagger-ui",
"layout": "BaseLayout",
"deepLinking": true,
"showExtensions": true,
"showCommonExtensions": true,
oauth2RedirectUrl: window.location.origin + '/docs/oauth2-redirect',
    presets: [
        SwaggerUIBundle.presets.apis,
        SwaggerUIBundle.SwaggerUIStandalonePreset
        ],
    })
    </script>
    </body>
    </html>
* Connection #0 to host localhost left intact
michomanoly14892@raspberrypi:~ $ ps aux | grep cloudflaredared
sudo systemctl status cloudflared.service
cloudflared tunnel list
michoma+  757599  0.0  0.0   6240  1600 pts/0    S+   15:58   0:00 grep --color=auto cloudflared
● cloudflared.service - Cloudflare Tunnel
     Loaded: loaded (/etc/systemd/system/cloudflared.service; enabled; preset: enabled)
    Drop-In: /etc/systemd/system/cloudflared.service.d
             └─override.conf
     Active: activating (auto-restart) (Result: exit-code) since Sun 2025-08-31 15:58:48 EDT; 3s ago
    Process: 757582 ExecStart=/usr/local/bin/cloudflared --config /etc/cloudflared/config.yml tunnel run ezrec-tunnel (code=exited, status=1/FAILURE)
   Main PID: 757582 (code=exited, status=1/FAILURE)
        CPU: 60ms
You can obtain more detailed information for each tunnel with `cloudflared tunnel info <name/uuid>`
ID                                   NAME         CREATED              CONNECTIONS 
51c5f902-46cd-4821-ad63-b24861aa4bec ezrec-tunnel 2025-08-05T19:01:40Z             
2025-08-31T19:58:53Z WRN Your version 2025.7.0 is outdated. We recommend upgrading it to 2025.8.1
michomanoly14892@raspberrypi:~ $ ls -la /opt/ezrec-backend/
ls -la /opt/ezrec-backend/backend/
ls -la /opt/ezrec-backend/api/
ls -la /opt/ezrec-backend/backend/stitch/
total 38484
drwxr-xr-x 19 michomanoly14892 michomanoly14892     4096 Aug 31 01:41 .
drwxr-xr-x  7 root             root                 4096 Aug  1 20:04 ..
drwxr-xr-x  7 michomanoly14892 michomanoly14892     4096 Aug 31 01:48 api
drwxr-xr-x  2 michomanoly14892 michomanoly14892     4096 Aug 31 01:52 assets
drwxr-xr-x  5 michomanoly14892 michomanoly14892     4096 Aug 31 01:41 backend
-rwxr-xr-x  1 michomanoly14892 michomanoly14892     1264 Aug 31 01:41 cleanup_ezrec.sh
-rw-r--r--  1 michomanoly14892 michomanoly14892 18886342 Aug 31 01:41 cloudflared.deb
-rw-r--r--  1 michomanoly14892 michomanoly14892 18886342 Aug 31 01:41 cloudflared-linux-arm64.deb.1
-rwxr-xr-x  1 michomanoly14892 michomanoly14892     1641 Aug 31 01:41 collect_test_logs.sh
-rwxr-xr-x  1 michomanoly14892 michomanoly14892     2997 Aug 31 01:41 complete_deployment.sh
-rw-r--r--  1 michomanoly14892 michomanoly14892     7799 Aug 31 01:41 CONSOLIDATED_ARCHITECTURE.md
drwxr-xr-x  2 michomanoly14892 michomanoly14892     4096 Aug 31 01:41 .cursor
drwxr-xr-x  3 michomanoly14892 michomanoly14892     4096 Aug 31 01:41 database
-rwxr-xr-x  1 michomanoly14892 michomanoly14892    59200 Aug 31 01:41 deployment.sh
drwxr-xr-x  2 michomanoly14892 michomanoly14892     4096 Aug 31 01:41 docs
drwxr-xr-x  2 michomanoly14892 michomanoly14892     4096 Aug 31 01:41 documentation
-rwxr-xr-x  1 michomanoly14892 michomanoly14892     3107 Aug 31 01:41 dual_record_test.py
-rw-r--r--  1 michomanoly14892 michomanoly14892     2672 Aug 31 01:41 .env
-rw-r--r--  1 michomanoly14892 michomanoly14892     1948 Aug 31 01:41 env.example
drwxr-xr-x  2 michomanoly14892 michomanoly14892     4096 Aug 31 01:41 events
-rw-r--r--  1 michomanoly14892 michomanoly14892      184 Aug 31 01:41 ezrec_deploy_20250726_213516.log
-rw-r--r--  1 michomanoly14892 michomanoly14892    24510 Aug 31 01:41 ezrec_deploy_20250726_213520.log
-rw-r--r--  1 michomanoly14892 michomanoly14892    11661 Aug 31 01:41 EZREC_SYSTEM_TESTING_GUIDE.md
-rw-r--r--  1 michomanoly14892 michomanoly14892    25083 Aug 31 01:41 ezrec_test_logs_20250731_231944.txt
drwxr-xr-x  2 michomanoly14892 michomanoly14892     4096 Aug 31 01:41 final
drwxr-xr-x  8 michomanoly14892 michomanoly14892     4096 Aug 31 01:41 .git
drwxr-xr-x  3 michomanoly14892 michomanoly14892     4096 Aug 31 01:41 .git-rewrite
-rw-r--r--  1 michomanoly14892 michomanoly14892     6153 Aug 31 01:41 INTEGRATION_CHECKLIST.md
drwxr-xr-x  2 michomanoly14892 michomanoly14892     4096 Aug 31 03:00 logs
-rw-r--r--  1 michomanoly14892 michomanoly14892    66023 Aug 31 01:41 logs.txt
drwxr-xr-x  2 michomanoly14892 michomanoly14892     4096 Aug 31 01:41 media_cache
-rw-r--r--  1 michomanoly14892 michomanoly14892    69641 Aug 31 01:41 output.txt
-rw-r--r--  1 michomanoly14892 michomanoly14892    11402 Aug 31 01:41 PI_DEPLOYMENT_GUIDE.md
drwxr-xr-x  2 michomanoly14892 michomanoly14892     4096 Aug 31 01:41 processed
drwxr-xr-x  3 michomanoly14892 michomanoly14892     4096 Aug 31 01:41 .pytest_cache
-rw-r--r--  1 michomanoly14892 michomanoly14892     8031 Aug 31 01:41 README.md
drwxr-xr-x  2 michomanoly14892 michomanoly14892     4096 Aug 31 01:53 recordings
-rw-r--r--  1 michomanoly14892 michomanoly14892      449 Aug 31 01:41 requirements.txt
-rw-r--r--  1 michomanoly14892 michomanoly14892    14029 Aug 31 01:41 REVIEW_PACKAGE.md
-rw-r--r--  1 michomanoly14892 michomanoly14892     8025 Aug 31 01:41 SEAMLESS_MERGE_IMPLEMENTATION.md
-rwxr-xr-x  1 michomanoly14892 michomanoly14892     3991 Aug 31 01:41 setup_cloudflare_tunnel.py
-rw-r--r--  1 michomanoly14892 michomanoly14892     1160 Aug 31 01:53 status.json
drwxr-xr-x  2 michomanoly14892 michomanoly14892     4096 Aug 31 01:41 systemd
-rwxr-xr-x  1 michomanoly14892 michomanoly14892     2818 Aug 31 01:41 test_enhanced_merge_dry_run.py
-rw-r--r--  1 michomanoly14892 michomanoly14892  1134987 Aug 31 01:41 test.jpg
-rwxr-xr-x  1 michomanoly14892 michomanoly14892     3319 Aug 31 01:41 test_local_api.py
-rwxr-xr-x  1 michomanoly14892 michomanoly14892     4631 Aug 31 01:41 test_merge_fix.py
-rwxr-xr-x  1 michomanoly14892 michomanoly14892     5540 Aug 31 01:41 test_seamless_merge.sh
-rwxr-xr-x  1 michomanoly14892 michomanoly14892     9027 Aug 31 01:41 test_system.sh
-rw-r--r--  1 michomanoly14892 michomanoly14892     4914 Aug 31 01:41 TROUBLESHOOTING.md
total 384
drwxr-xr-x  5 michomanoly14892 michomanoly14892   4096 Aug 31 01:41 .
drwxr-xr-x 19 michomanoly14892 michomanoly14892   4096 Aug 31 01:41 ..
-rwxr-xr-x  1 michomanoly14892 michomanoly14892  12390 Aug 31 01:41 booking_manager.py
-rwxr-xr-x  1 michomanoly14892 michomanoly14892   9662 Aug 31 01:41 camera_diagnostics.py
-rwxr-xr-x  1 michomanoly14892 michomanoly14892  14381 Aug 31 01:41 camera_health_check.py
-rwxr-xr-x  1 michomanoly14892 michomanoly14892  10483 Aug 31 01:41 camera_streamer.py
-rw-r--r--  1 michomanoly14892 michomanoly14892    758 Aug 31 01:41 camera_streamer.service
-rwxr-xr-x  1 michomanoly14892 michomanoly14892  23114 Aug 31 01:41 cleanup_old_data.py
-rwxr-xr-x  1 michomanoly14892 michomanoly14892   3344 Aug 31 01:41 create_assets.py
-rwxr-xr-x  1 michomanoly14892 michomanoly14892  80414 Aug 31 01:41 dual_recorder.py
-rwxr-xr-x  1 michomanoly14892 michomanoly14892  38324 Aug 31 01:41 enhanced_merge.py
drwxr-xr-x  2 michomanoly14892 michomanoly14892   4096 Aug 31 01:53 __pycache__
-rwxr-xr-x  1 michomanoly14892 michomanoly14892  13727 Aug 31 01:41 recorder.py
-rwxr-xr-x  1 michomanoly14892 michomanoly14892   1271 Aug 31 01:41 refresh_user_media.py
-rwxr-xr-x  1 michomanoly14892 michomanoly14892   2783 Aug 31 01:41 restart_services.sh
-rwxr-xr-x  1 michomanoly14892 michomanoly14892   5322 Aug 31 01:41 status_updater.py
drwxr-xr-x  4 michomanoly14892 michomanoly14892   4096 Aug 31 01:47 stitch
-rwxr-xr-x  1 michomanoly14892 michomanoly14892  21775 Aug 31 01:41 system_status.py
drwxr-xr-x  5 michomanoly14892 michomanoly14892   4096 Aug 31 01:41 venv
-rwxr-xr-x  1 michomanoly14892 michomanoly14892 101667 Aug 31 01:41 video_worker.py
total 84
drwxr-xr-x  7 michomanoly14892 michomanoly14892  4096 Aug 31 01:48 .
drwxr-xr-x 19 michomanoly14892 michomanoly14892  4096 Aug 31 01:41 ..
-rwxr-xr-x  1 michomanoly14892 michomanoly14892 47774 Aug 31 01:41 api_server.py
-rwxr-xr-x  1 michomanoly14892 michomanoly14892  3873 Aug 31 01:41 booking_utils.py
drwxr-xr-x  2 michomanoly14892 michomanoly14892  4096 Aug 31 01:52 local_data
-rwxr-xr-x  1 michomanoly14892 michomanoly14892   717 Aug 31 01:41 monitor.py
drwxr-xr-x  2 michomanoly14892 michomanoly14892  4096 Aug 31 01:53 __pycache__
drwxr-xr-x  4 michomanoly14892 michomanoly14892  4096 Aug 31 01:52 stitch
drwxr-xr-x  2 michomanoly14892 michomanoly14892  4096 Aug 31 01:41 templates
drwxr-xr-x  5 michomanoly14892 michomanoly14892  4096 Aug 31 01:47 venv
total 72
drwxr-xr-x 4 michomanoly14892 michomanoly14892  4096 Aug 31 01:47 .
drwxr-xr-x 5 michomanoly14892 michomanoly14892  4096 Aug 31 01:41 ..
-rw-r--r-- 1 michomanoly14892 michomanoly14892     1 Aug 31 01:41 calibrate_from_videos.py
-rw-r--r-- 1 michomanoly14892 michomanoly14892  6381 Aug 31 01:41 calibrate_homography.py
drwxr-xr-x 2 michomanoly14892 michomanoly14892  4096 Aug 31 01:42 calibration
-rw-r--r-- 1 michomanoly14892 michomanoly14892   371 Aug 31 01:41 __init__.py
drwxr-xr-x 2 michomanoly14892 michomanoly14892  4096 Aug 31 01:47 __pycache__
-rwxr-xr-x 1 michomanoly14892 michomanoly14892  7155 Aug 31 01:41 README.md
-rwxr-xr-x 1 michomanoly14892 michomanoly14892   129 Aug 31 01:41 requirements_stitch.txt
-rw-r--r-- 1 michomanoly14892 michomanoly14892  4395 Aug 31 01:41 stitch_config.py
-rw-r--r-- 1 michomanoly14892 michomanoly14892 11452 Aug 31 01:41 stitch_videos.py
-rw-r--r-- 1 michomanoly14892 michomanoly14892  6178 Aug 31 01:41 test_stitching.py
michomanoly14892@raspberrypi:~ $ 
michomanoly14892@raspberrypi:~ $ ls -la /opt/ezrec-backend/.env
ls -la /opt/ezrec-backend/backend/dual_recorder.py
ls -la /opt/ezrec-backend/backend/enhanced_merge.py
ls -la /opt/ezrec-backend/backend/video_worker.py
ls -la /opt/ezrec-backend/api/api_server.py
-rw-r--r-- 1 michomanoly14892 michomanoly14892 2672 Aug 31 01:41 /opt/ezrec-backend/.env
-rwxr-xr-x 1 michomanoly14892 michomanoly14892 80414 Aug 31 01:41 /opt/ezrec-backend/backend/dual_recorder.py
-rwxr-xr-x 1 michomanoly14892 michomanoly14892 38324 Aug 31 01:41 /opt/ezrec-backend/backend/enhanced_merge.py
-rwxr-xr-x 1 michomanoly14892 michomanoly14892 101667 Aug 31 01:41 /opt/ezrec-backend/backend/video_worker.py
-rwxr-xr-x 1 michomanoly14892 michomanoly14892 47774 Aug 31 01:41 /opt/ezrec-backend/api/api_server.py
michomanoly14892@raspberrypi:~ $ ls -la /opt/ezrec-backend/backend/stitch/__init__.py
ls -la /opt/ezrec-backend/backend/stitch/calibration/homography_right_to_left.json
-rw-r--r-- 1 michomanoly14892 michomanoly14892 371 Aug 31 01:41 /opt/ezrec-backend/backend/stitch/__init__.py
-rw-r--r-- 1 michomanoly14892 michomanoly14892 85 Aug 31 01:42 /opt/ezrec-backend/backend/stitch/calibration/homography_right_to_left.json
michomanoly14892@raspberrypi:~ $ sudo -u michomanoly14892 /opt/ezrec-backend/backend/venv/bin/python3 -c "
from dual_recorder import detect_cameras
cameras = detect_cameras()
print(f'✅ Detected {len(cameras)} cameras')
for i, cam in enumerate(cameras):
    print(f'Camera {i}: {cam}')
"
Traceback (most recent call last):
  File "<string>", line 2, in <module>
ModuleNotFoundError: No module named 'dual_recorder'
michomanoly14892@raspberrypi:~ $ ls -la /dev/video*
v4l2-ctl --list-devices
sudo -u michomanoly14892 groups
crw-rw----+ 1 root video 81,  0 Aug 27 18:17 /dev/video0
crw-rw----+ 1 root video 81, 18 Aug 27 18:17 /dev/video1
crw-rw----+ 1 root video 81, 30 Aug 27 18:47 /dev/video10
crw-rw----+ 1 root video 81, 31 Aug 27 18:47 /dev/video11
crw-rw----+ 1 root video 81, 32 Aug 27 18:47 /dev/video12
crw-rw----+ 1 root video 81, 33 Aug 27 18:47 /dev/video13
crw-rw----+ 1 root video 81, 34 Aug 27 18:47 /dev/video14
crw-rw----+ 1 root video 81, 35 Aug 27 18:47 /dev/video15
crw-rw----+ 1 root video 81, 36 Aug 27 18:47 /dev/video16
crw-rw----+ 1 root video 81,  7 Aug 27 18:17 /dev/video19
crw-rw----+ 1 root video 81, 19 Aug 27 18:17 /dev/video2
crw-rw----+ 1 root video 81,  1 Aug 27 18:17 /dev/video20
crw-rw----+ 1 root video 81,  2 Aug 27 18:17 /dev/video21
crw-rw----+ 1 root video 81,  3 Aug 27 18:17 /dev/video22
crw-rw----+ 1 root video 81,  4 Aug 27 18:17 /dev/video23
crw-rw----+ 1 root video 81,  5 Aug 27 18:17 /dev/video24
crw-rw----+ 1 root video 81,  6 Aug 27 18:17 /dev/video25
crw-rw----+ 1 root video 81,  8 Aug 27 18:17 /dev/video26
crw-rw----+ 1 root video 81,  9 Aug 27 18:17 /dev/video27
crw-rw----+ 1 root video 81, 10 Aug 27 18:17 /dev/video28
crw-rw----+ 1 root video 81, 11 Aug 27 18:17 /dev/video29
crw-rw----+ 1 root video 81, 20 Aug 27 18:17 /dev/video3
crw-rw----+ 1 root video 81, 12 Aug 27 18:17 /dev/video30
crw-rw----+ 1 root video 81, 13 Aug 27 18:17 /dev/video31
crw-rw----+ 1 root video 81, 14 Aug 27 18:17 /dev/video32
crw-rw----+ 1 root video 81, 15 Aug 27 18:17 /dev/video33
crw-rw----+ 1 root video 81, 16 Aug 27 18:17 /dev/video34
crw-rw----+ 1 root video 81, 17 Aug 27 18:17 /dev/video35
crw-rw----+ 1 root video 81, 21 Aug 27 18:17 /dev/video4
crw-rw----+ 1 root video 81, 22 Aug 27 18:17 /dev/video5
crw-rw----+ 1 root video 81, 23 Aug 27 18:17 /dev/video6
crw-rw----+ 1 root video 81, 24 Aug 27 18:17 /dev/video7
crw-rw----+ 1 root video 81, 25 Aug 27 18:17 /dev/video8
crw-rw----+ 1 root video 81, 29 Aug 27 18:47 /dev/video9
pispbe (platform:1000880000.pisp_be):
        /dev/video20
        /dev/video21
        /dev/video22
        /dev/video23
        /dev/video24
        /dev/video25
        /dev/video26
        /dev/video27
        /dev/video28
        /dev/video29
        /dev/video30
        /dev/video31
        /dev/video32
        /dev/video33
        /dev/video34
        /dev/video35
        /dev/media3
        /dev/media4

rp1-cfe (platform:1f00110000.csi):
        /dev/video9
        /dev/video10
        /dev/video11
        /dev/video12
        /dev/video13
        /dev/video14
        /dev/video15
        /dev/video16
        /dev/media0

rp1-cfe (platform:1f00128000.csi):
        /dev/video1
        /dev/video2
        /dev/video3
        /dev/video4
        /dev/video5
        /dev/video6
        /dev/video7
        /dev/video8
        /dev/media2

rpi-hevc-dec (platform:rpi-hevc-dec):
        /dev/video19
        /dev/media1

Dummy video device (0x0000) (platform:v4l2loopback-000):
        /dev/video0

michomanoly14892 adm dialout cdrom sudo audio video plugdev games users input render netdev lpadmin gpio i2c spi
michomanoly14892@raspberrypi:~ $ sudo -u michomanoly14892 /opt/ezrec-backend/backend/venv/bin/python3 -c "
import os
from dotenv import load_dotenv
load_dotenv('/opt/ezrec-backend/.env')
print(f'SUPABASE_URL: {os.getenv(\"SUPABASE_URL\")[:30]}...')
print(f'USER_ID: {os.getenv(\"USER_ID\")}')
print(f'CAMERA_ID: {os.getenv(\"CAMERA_ID\")}')
"
SUPABASE_URL: https://iszmsaayxpdrovealrrp.s...
USER_ID: 65aa2e2a-e463-424d-b88f-0724bb0bea3a
CAMERA_ID: d217e751-dfa5-5276-abbb-da5ad6c2626a
michomanoly14892@raspberrypi:~ $ sudo -u michomanoly14892 /opt/ezrec-backend/backend/venv/bin/python3 -c "
import os
from dotenv import load_dotenv
load_dotenv('/opt/ezrec-backend/.env')
print(f'AWS_REGION: {os.getenv(\"AWS_REGION\")}')
print(f'AWS_S3_BUCKET: {os.getenv(\"AWS_S3_BUCKET\")}')
print(f'USER_MEDIA_BUCKET: {os.getenv(\"AWS_USER_MEDIA_BUCKET\")}')
"
AWS_REGION: us-east-1
AWS_S3_BUCKET: ezrec-videos
USER_MEDIA_BUCKET: ezrec-user-media
michomanoly14892@raspberrypi:~ $ 
michomanoly14892@raspberrypi:/opt/ezrec-backend/backend $ ffmpeg -version
which ffmpegc
ffmpeg version 5.1.7-0+deb12u1+rpt1 Copyright (c) 2000-2025 the FFmpeg developers
built with gcc 12 (Debian 12.2.0-14+deb12u1)
configuration: --prefix=/usr --extra-version=0+deb12u1+rpt1 --toolchain=hardened --incdir=/usr/include/aarch64-linux-gnu --enable-gpl --disable-stripping --disable-mmal --enable-gnutls --enable-ladspa --enable-libaom --enable-libass --enable-libbluray --enable-libbs2b --enable-libcaca --enable-libcdio --enable-libcodec2 --enable-libdav1d --enable-libflite --enable-libfontconfig --enable-libfreetype --enable-libfribidi --enable-libglslang --enable-libgme --enable-libgsm --enable-libjack --enable-libmp3lame --enable-libmysofa --enable-libopenjpeg --enable-libopenmpt --enable-libopus --enable-libpulse --enable-librabbitmq --enable-librist --enable-librubberband --enable-libshine --enable-libsnappy --enable-libsoxr --enable-libspeex --enable-libsrt --enable-libssh --enable-libsvtav1 --enable-libtheora --enable-libtwolame --enable-libvidstab --enable-libvorbis --enable-libvpx --enable-libwebp --enable-libx265 --enable-libxml2 --enable-libxvid --enable-libzimg --enable-libzmq --enable-libzvbi --enable-lv2 --enable-omx --enable-openal --enable-opencl --enable-opengl --enable-sand --enable-sdl2 --disable-sndio --enable-libjxl --enable-neon --enable-v4l2-request --enable-libudev --enable-epoxy --libdir=/usr/lib/aarch64-linux-gnu --arch=arm64 --enable-pocketsphinx --enable-librsvg --enable-libdc1394 --enable-libdrm --enable-vout-drm --enable-libiec61883 --enable-chromaprint --enable-frei0r --enable-libx264 --enable-libplacebo --enable-librav1e --enable-shared
libavutil      57. 28.100 / 57. 28.100
libavcodec     59. 37.100 / 59. 37.100
libavformat    59. 27.100 / 59. 27.100
libavdevice    59.  7.100 / 59.  7.100
libavfilter     8. 44.100 /  8. 44.100
libswscale      6.  7.100 /  6.  7.100
libswresample   4.  7.100 /  4.  7.100
libpostproc    56.  6.100 / 56.  6.100
michomanoly14892@raspberrypi:/opt/ezrec-backend/backend $ 
michomanoly14892@raspberrypi:/opt/ezrec-backend/backend $ cd /opt/ezrec-backend/backend
sudo -u michomanoly14892 venv/bin/python3 -c "
from enhanced_merge import EnhancedVideoMerger
merger = EnhancedVideoMerger()
print('✅ EnhancedVideoMerger created successfully')
print(f'FFmpeg available: {merger._check_ffmpeg()}')
"
⚠️ OpenCV stitching not available: No module named 'stitch_config'
✅ EnhancedVideoMerger created successfully
FFmpeg available: True
michomanoly14892@raspberrypi:/opt/ezrec-backend/backend $ 
top - 16:01:01 up 3 days, 21:12,  2 users,  load average: 0.31, 0.32, 0.28
Tasks: 207 total,   2 running, 205 sleeping,   0 stopped,   0 zombie
%Cpu(s): 50.0 us,  0.0 sy,  0.0 ni, 50.0 id,  0.0 wa,  0.0 hi,  0.0 si,  0.0 st 
MiB Mem :   8063.2 total,   4320.7 free,    873.4 used,   3133.0 buff/cache     
MiB Swap:    512.0 total,    512.0 free,      0.0 used.   7189.8 avail Mem 

    PID USER      PR  NI    VIRT    RES    SHR S  %CPU  %MEM     TIME+ COMMAND  
 758008 michoma+  20   0   55072  42384  11664 R 100.0   0.5   0:00.30 python3  
      1 root      20   0  169712  10960   7456 S   0.0   0.1   9:47.44 systemd  
      2 root      20   0       0      0      0 S   0.0   0.0   0:00.21 kthreadd 
      3 root      20   0       0      0      0 S   0.0   0.0   0:00.00 pool_wo+ 
      4 root       0 -20       0      0      0 I   0.0   0.0   0:00.00 kworker+ 
      5 root       0 -20       0      0      0 I   0.0   0.0   0:00.00 kworker+ 
      6 root       0 -20       0      0      0 I   0.0   0.0   0:00.00 kworker+ 
      7 root       0 -20       0      0      0 I   0.0   0.0   0:00.00 kworker+ 
      8 root       0 -20       0      0      0 I   0.0   0.0   0:00.00 kworker+ 
     13 root       0 -20       0      0      0 I   0.0   0.0   0:00.00 kworker+ 
     14 root      20   0       0      0      0 I   0.0   0.0   0:00.00 rcu_tas+ 
     15 root      20   0       0      0      0 I   0.0   0.0   0:00.00 rcu_tas+ 
     16 root      20   0       0      0      0 I   0.0   0.0   0:00.00 rcu_tas+ 
michomanoly14892@raspberrypi:/opt/ezrec-backend/backend $ 
michomanoly14892@raspberrypi:/opt/ezrec-backend/backend $ ps aux | grep -E "(dual_recorder|video_worker|api_server|system_status)" | grep -v grep
michoma+  619464  0.0  1.2 465168 99600 ?        Ssl  01:53   0:17 /opt/ezrec-backend/api/venv/bin/python3 /opt/ezrec-backend/api/venv/bin/uvicorn api_server:app --host 0.0.0.0 --port 8000
michoma+  619548  0.0  0.9  90208 77424 ?        Ss   01:53   0:02 /opt/ezrec-backend/backend/venv/bin/python3 /opt/ezrec-backend/backend/video_worker.py
michoma+  619976  0.0  0.9 590704 80288 ?        Ssl  01:53   0:09 /opt/ezrec-backend/backend/venv/bin/python3 /opt/ezrec-backend/backend/dual_recorder.py
michomanoly14892@raspberrypi:/opt/ezrec-backend/backend $ 
